// Jest Snapshot v1, https://goo.gl/fbAQLP

exports[`renders 1`] = `
<DocumentFragment>
  <h1>
    Contact
  </h1>
</DocumentFragment>
`;
