// Jest Snapshot v1, https://goo.gl/fbAQLP

exports[`renders 1`] = `
<DocumentFragment>
  <users>
    <h1
      class="fancy-h1"
      data-testid="h1tag"
    >
      Hello!
    </h1>
  </users>
</DocumentFragment>
`;
